
  .   ____          _            __ _ _
 /\\ / ___'_ __ _ _(_)_ __  __ _ \ \ \ \
( ( )\___ | '_ | '_| | '_ \/ _` | \ \ \ \
 \\/  ___)| |_)| | | | | || (_| |  ) ) ) )
  '  |____| .__|_| |_|_| |_\__, | / / / /
 =========|_|==============|___/=/_/_/_/

 :: Spring Boot ::               (v3.5.14)

2026-07-29T16:29:41.372+05:30  INFO 14108 --- [Yatrika] [  restartedMain] com.yatrika.Application                  : Starting Application using Java 21.0.10 with PID 14108 (C:\Yatrika\spring_boot_backend_template\spring_boot_backend_template\target\classes started by subha in C:\Yatrika\spring_boot_backend_template\spring_boot_backend_template)
2026-07-29T16:29:41.374+05:30  INFO 14108 --- [Yatrika] [  restartedMain] com.yatrika.Application                  : No active profile set, falling back to 1 default profile: "default"
2026-07-29T16:29:41.421+05:30  INFO 14108 --- [Yatrika] [  restartedMain] .e.DevToolsPropertyDefaultsPostProcessor : Devtools property defaults active! Set 'spring.devtools.add-properties' to 'false' to disable
2026-07-29T16:29:41.421+05:30  INFO 14108 --- [Yatrika] [  restartedMain] .e.DevToolsPropertyDefaultsPostProcessor : For additional web related logging consider setting the 'logging.level.web' property to 'DEBUG'
2026-07-29T16:29:42.667+05:30  INFO 14108 --- [Yatrika] [  restartedMain] .s.d.r.c.RepositoryConfigurationDelegate : Bootstrapping Spring Data JPA repositories in DEFAULT mode.
2026-07-29T16:29:42.743+05:30  INFO 14108 --- [Yatrika] [  restartedMain] .s.d.r.c.RepositoryConfigurationDelegate : Finished Spring Data repository scanning in 67 ms. Found 8 JPA repository interfaces.
2026-07-29T16:29:43.527+05:30  INFO 14108 --- [Yatrika] [  restartedMain] o.s.b.w.embedded.tomcat.TomcatWebServer  : Tomcat initialized with port 8094 (http)
2026-07-29T16:29:43.542+05:30  INFO 14108 --- [Yatrika] [  restartedMain] o.apache.catalina.core.StandardService   : Starting service [Tomcat]
2026-07-29T16:29:43.543+05:30  INFO 14108 --- [Yatrika] [  restartedMain] o.apache.catalina.core.StandardEngine    : Starting Servlet engine: [Apache Tomcat/10.1.54]
2026-07-29T16:29:43.605+05:30  INFO 14108 --- [Yatrika] [  restartedMain] o.a.c.c.C.[Tomcat].[localhost].[/]       : Initializing Spring embedded WebApplicationContext
2026-07-29T16:29:43.605+05:30  INFO 14108 --- [Yatrika] [  restartedMain] w.s.c.ServletWebServerApplicationContext : Root WebApplicationContext: initialization completed in 2184 ms
2026-07-29T16:29:43.828+05:30  INFO 14108 --- [Yatrika] [  restartedMain] o.hibernate.jpa.internal.util.LogHelper  : HHH000204: Processing PersistenceUnitInfo [name: default]
2026-07-29T16:29:43.871+05:30  INFO 14108 --- [Yatrika] [  restartedMain] org.hibernate.Version                    : HHH000412: Hibernate ORM core version 6.6.49.Final
2026-07-29T16:29:43.901+05:30  INFO 14108 --- [Yatrika] [  restartedMain] o.h.c.internal.RegionFactoryInitiator    : HHH000026: Second-level cache disabled
2026-07-29T16:29:44.164+05:30  INFO 14108 --- [Yatrika] [  restartedMain] o.s.o.j.p.SpringPersistenceUnitInfo      : No LoadTimeWeaver setup: ignoring JPA class transformer
2026-07-29T16:29:44.202+05:30  INFO 14108 --- [Yatrika] [  restartedMain] com.zaxxer.hikari.HikariDataSource       : HikariPool-1 - Starting...
2026-07-29T16:29:44.412+05:30  INFO 14108 --- [Yatrika] [  restartedMain] com.zaxxer.hikari.pool.HikariPool        : HikariPool-1 - Added connection com.mysql.cj.jdbc.ConnectionImpl@2849d4f0
2026-07-29T16:29:44.414+05:30  INFO 14108 --- [Yatrika] [  restartedMain] com.zaxxer.hikari.HikariDataSource       : HikariPool-1 - Start completed.
2026-07-29T16:29:44.482+05:30  WARN 14108 --- [Yatrika] [  restartedMain] org.hibernate.orm.deprecation            : HHH90000025: MySQLDialect does not need to be specified explicitly using 'hibernate.dialect' (remove the property setting and it will be selected by default)
2026-07-29T16:29:44.503+05:30  INFO 14108 --- [Yatrika] [  restartedMain] org.hibernate.orm.connections.pooling    : HHH10001005: Database info:
	Database JDBC URL [Connecting through datasource 'HikariDataSource (HikariPool-1)']
	Database driver: undefined/unknown
	Database version: 9.6
	Autocommit mode: undefined/unknown
	Isolation level: undefined/unknown
	Minimum pool size: undefined/unknown
	Maximum pool size: undefined/unknown
2026-07-29T16:29:45.826+05:30  INFO 14108 --- [Yatrika] [  restartedMain] o.h.e.t.j.p.i.JtaPlatformInitiator       : HHH000489: No JTA platform available (set 'hibernate.transaction.jta.platform' to enable JTA platform integration)
2026-07-29T16:29:45.830+05:30  INFO 14108 --- [Yatrika] [  restartedMain] j.LocalContainerEntityManagerFactoryBean : Initialized JPA EntityManagerFactory for persistence unit 'default'
2026-07-29T16:29:46.341+05:30  INFO 14108 --- [Yatrika] [  restartedMain] o.s.d.j.r.query.QueryEnhancerFactory     : Hibernate is in classpath; If applicable, HQL parser will be used.
2026-07-29T16:29:47.778+05:30  INFO 14108 --- [Yatrika] [  restartedMain] o.s.b.a.e.web.EndpointLinksResolver      : Exposing 1 endpoint beneath base path '/actuator'
2026-07-29T16:29:47.842+05:30  INFO 14108 --- [Yatrika] [  restartedMain] eAuthenticationProviderManagerConfigurer : Global AuthenticationManager configured with AuthenticationProvider bean with name authenticationProvider
2026-07-29T16:29:47.843+05:30  WARN 14108 --- [Yatrika] [  restartedMain] r$InitializeUserDetailsManagerConfigurer : Global AuthenticationManager configured with an AuthenticationProvider bean. UserDetailsService beans will not be used by Spring Security for automatically configuring username/password login. Consider removing the AuthenticationProvider bean. Alternatively, consider using the UserDetailsService in a manually instantiated DaoAuthenticationProvider. If the current configuration is intentional, to turn off this warning, increase the logging level of 'org.springframework.security.config.annotation.authentication.configuration.InitializeUserDetailsBeanManagerConfigurer' to ERROR
2026-07-29T16:29:48.563+05:30  INFO 14108 --- [Yatrika] [  restartedMain] o.s.b.w.embedded.tomcat.TomcatWebServer  : Tomcat started on port 8094 (http) with context path '/'
2026-07-29T16:29:48.576+05:30  INFO 14108 --- [Yatrika] [  restartedMain] com.yatrika.Application                  : Started Application in 7.654 seconds (process running for 8.068)
Hibernate: select count(*) from hotels h1_0
Hibernate: select u1_0.user_id from users u1_0 where u1_0.email=? limit ?
Hibernate: select u1_0.user_id from users u1_0 where u1_0.email=? limit ?
Hibernate: select u1_0.user_id from users u1_0 where u1_0.email=? limit ?
Demo data already exists. Skipping data seeding.
2026-07-29T16:29:48.787+05:30  WARN 14108 --- [Yatrika] [  restartedMain] o.s.core.events.SpringDocAppInitializer  : SpringDoc /v3/api-docs endpoint is enabled by default. To disable it in production, set the property 'springdoc.api-docs.enabled=false'
2026-07-29T16:29:48.787+05:30  WARN 14108 --- [Yatrika] [  restartedMain] o.s.core.events.SpringDocAppInitializer  : SpringDoc /swagger-ui.html endpoint is enabled by default. To disable it in production, set the property 'springdoc.swagger-ui.enabled=false'
2026-07-29T16:29:49.286+05:30  INFO 14108 --- [Yatrika] [nio-8094-exec-1] o.a.c.c.C.[Tomcat].[localhost].[/]       : Initializing Spring DispatcherServlet 'dispatcherServlet'
2026-07-29T16:29:49.286+05:30  INFO 14108 --- [Yatrika] [nio-8094-exec-1] o.s.web.servlet.DispatcherServlet        : Initializing Servlet 'dispatcherServlet'
2026-07-29T16:29:49.288+05:30  INFO 14108 --- [Yatrika] [nio-8094-exec-1] o.s.web.servlet.DispatcherServlet        : Completed initialization in 2 ms
JWT filter path=/api/auth/login authHeaderPresent=false
Hibernate: select u1_0.user_id,u1_0.budget_pref,u1_0.created_at,u1_0.email,u1_0.name,u1_0.password,u1_0.phone,u1_0.role,u1_0.travel_type from users u1_0 where u1_0.email=?
2026-07-29T16:29:49.571+05:30  INFO 14108 --- [Yatrika] [nio-8094-exec-1] com.yatrika.config.JwtUtil               : JWT createToken called with secretLength=51 and subject=subhaan.khan@yatrika.com
JWT filter path=/api/bookings/owner/25 authHeaderPresent=true
2026-07-29T16:29:49.711+05:30  WARN 14108 --- [Yatrika] [nio-8094-exec-7] com.yatrika.config.JwtUtil               : JWT validation failed: Invalid JWT format
JWT filter tokenValid=false
2026-07-29T16:29:49.711+05:30  WARN 14108 --- [Yatrika] [nio-8094-exec-7] com.yatrika.config.JwtUtil               : JWT validation failed: Invalid JWT format
